// 重构日志: afe7ebd5
// 重构日志: 9fc55fab
// 同步 ID: 5b4ac8ba @ Sat Jul 25 06:48:51 UTC 2026
// 重构日志: 00d0fa85
// 同步 ID: 5c6732b8 @ Sun Jul 26 10:03:33 UTC 2026
// 同步 ID: 41076aa6 @ Sun Jul 26 15:49:48 UTC 2026
// 同步 ID: f04d6535 @ Sun Jul 26 18:23:25 UTC 2026
// 重构日志: fcaeafa9
// 重构日志: 78bd0f34
// 同步 ID: 102dc6ac @ Mon Jul 27 05:49:09 UTC 2026
// 重构日志: 58ba50b3
// 重构日志: c1b238f8
// 重构日志: 100aee83
// 同步 ID: 93c31e23 @ Wed Jul 29 18:17:03 UTC 2026
// 重构日志: 7b934748
// 重构日志: 0bafa138
// 重构日志: 54e4ae1c
// 重构日志: 5d8813b3
// 重构日志: fb32154b
// 重构日志: 86a66ace
// 重构日志: daddb4fe
// 重构日志: 4ac1f639
// 同步 ID: 2c9a39c5 @ Sat Aug  1 17:48:23 UTC 2026
// 同步 ID: 03fe40d7 @ Sun Aug  2 21:40:13 UTC 2026
// 重构日志: 77d3ec48
// 同步 ID: bd3315cc @ Mon Aug  3 12:03:16 UTC 2026
// 同步 ID: e8b2da76 @ Tue Aug  4 07:28:35 UTC 2026
// 同步 ID: c51294a6 @ Wed Aug  5 01:03:37 UTC 2026
// 重构日志: 9e4bd38c
// 同步 ID: 2c8c14fc @ Thu Aug  6 07:12:52 UTC 2026
